Archive member included to satisfy reference by file (symbol)

d:/apps/stm32ide/stm32/stm32cubeide_1.7.0/stm32cubeide/plugins/com.st.stm32cube.ide.mcu.externaltools.gnu-tools-for-stm32.9-2020-q2-update.win32_2.0.0.202105311346/tools/bin/../lib/gcc/arm-none-eabi/9.3.1/../../../../arm-none-eabi/lib/thumb/v7-m/nofp\libc_nano.a(lib_a-errno.o)
                              ./Core/Src/syscalls.o (__errno)
d:/apps/stm32ide/stm32/stm32cubeide_1.7.0/stm32cubeide/plugins/com.st.stm32cube.ide.mcu.externaltools.gnu-tools-for-stm32.9-2020-q2-update.win32_2.0.0.202105311346/tools/bin/../lib/gcc/arm-none-eabi/9.3.1/../../../../arm-none-eabi/lib/thumb/v7-m/nofp\libc_nano.a(lib_a-exit.o)
                              d:/apps/stm32ide/stm32/stm32cubeide_1.7.0/stm32cubeide/plugins/com.st.stm32cube.ide.mcu.externaltools.gnu-tools-for-stm32.9-2020-q2-update.win32_2.0.0.202105311346/tools/bin/../lib/gcc/arm-none-eabi/9.3.1/../../../../arm-none-eabi/lib/thumb/v7-m/nofp/crt0.o (exit)
d:/apps/stm32ide/stm32/stm32cubeide_1.7.0/stm32cubeide/plugins/com.st.stm32cube.ide.mcu.externaltools.gnu-tools-for-stm32.9-2020-q2-update.win32_2.0.0.202105311346/tools/bin/../lib/gcc/arm-none-eabi/9.3.1/../../../../arm-none-eabi/lib/thumb/v7-m/nofp\libc_nano.a(lib_a-impure.o)
                              d:/apps/stm32ide/stm32/stm32cubeide_1.7.0/stm32cubeide/plugins/com.st.stm32cube.ide.mcu.externaltools.gnu-tools-for-stm32.9-2020-q2-update.win32_2.0.0.202105311346/tools/bin/../lib/gcc/arm-none-eabi/9.3.1/../../../../arm-none-eabi/lib/thumb/v7-m/nofp\libc_nano.a(lib_a-exit.o) (_global_impure_ptr)
d:/apps/stm32ide/stm32/stm32cubeide_1.7.0/stm32cubeide/plugins/com.st.stm32cube.ide.mcu.externaltools.gnu-tools-for-stm32.9-2020-q2-update.win32_2.0.0.202105311346/tools/bin/../lib/gcc/arm-none-eabi/9.3.1/../../../../arm-none-eabi/lib/thumb/v7-m/nofp\libc_nano.a(lib_a-init.o)
                              d:/apps/stm32ide/stm32/stm32cubeide_1.7.0/stm32cubeide/plugins/com.st.stm32cube.ide.mcu.externaltools.gnu-tools-for-stm32.9-2020-q2-update.win32_2.0.0.202105311346/tools/bin/../lib/gcc/arm-none-eabi/9.3.1/../../../../arm-none-eabi/lib/thumb/v7-m/nofp/crt0.o (__libc_init_array)
d:/apps/stm32ide/stm32/stm32cubeide_1.7.0/stm32cubeide/plugins/com.st.stm32cube.ide.mcu.externaltools.gnu-tools-for-stm32.9-2020-q2-update.win32_2.0.0.202105311346/tools/bin/../lib/gcc/arm-none-eabi/9.3.1/../../../../arm-none-eabi/lib/thumb/v7-m/nofp\libc_nano.a(lib_a-memset.o)
                              d:/apps/stm32ide/stm32/stm32cubeide_1.7.0/stm32cubeide/plugins/com.st.stm32cube.ide.mcu.externaltools.gnu-tools-for-stm32.9-2020-q2-update.win32_2.0.0.202105311346/tools/bin/../lib/gcc/arm-none-eabi/9.3.1/../../../../arm-none-eabi/lib/thumb/v7-m/nofp/crt0.o (memset)

Allocating common symbols
Common symbol       size              file

uwTick              0x4               ./Drivers/STM32F1xx_HAL_Driver/Src/stm32f1xx_hal.o
led1                0x4               ./Core/Src/segment_display.o
pFlash              0x20              ./Drivers/STM32F1xx_HAL_Driver/Src/stm32f1xx_hal_flash.o
button_flag         0xc               ./Core/Src/input_reading.o
htim2               0x48              ./Core/Src/main.o
led2                0x4               ./Core/Src/segment_display.o

Discarded input sections

 .text          0x0000000000000000        0x0 d:/apps/stm32ide/stm32/stm32cubeide_1.7.0/stm32cubeide/plugins/com.st.stm32cube.ide.mcu.externaltools.gnu-tools-for-stm32.9-2020-q2-update.win32_2.0.0.202105311346/tools/bin/../lib/gcc/arm-none-eabi/9.3.1/thumb/v7-m/nofp/crti.o
 .data          0x0000000000000000        0x0 d:/apps/stm32ide/stm32/stm32cubeide_1.7.0/stm32cubeide/plugins/com.st.stm32cube.ide.mcu.externaltools.gnu-tools-for-stm32.9-2020-q2-update.win32_2.0.0.202105311346/tools/bin/../lib/gcc/arm-none-eabi/9.3.1/thumb/v7-m/nofp/crti.o
 .bss           0x0000000000000000        0x0 d:/apps/stm32ide/stm32/stm32cubeide_1.7.0/stm32cubeide/plugins/com.st.stm32cube.ide.mcu.externaltools.gnu-tools-for-stm32.9-2020-q2-update.win32_2.0.0.202105311346/tools/bin/../lib/gcc/arm-none-eabi/9.3.1/thumb/v7-m/nofp/crti.o
 .data          0x0000000000000000        0x4 d:/apps/stm32ide/stm32/stm32cubeide_1.7.0/stm32cubeide/plugins/com.st.stm32cube.ide.mcu.externaltools.gnu-tools-for-stm32.9-2020-q2-update.win32_2.0.0.202105311346/tools/bin/../lib/gcc/arm-none-eabi/9.3.1/thumb/v7-m/nofp/crtbegin.o
 .text          0x0000000000000000       0x7c d:/apps/stm32ide/stm32/stm32cubeide_1.7.0/stm32cubeide/plugins/com.st.stm32cube.ide.mcu.externaltools.gnu-tools-for-stm32.9-2020-q2-update.win32_2.0.0.202105311346/tools/bin/../lib/gcc/arm-none-eabi/9.3.1/../../../../arm-none-eabi/lib/thumb/v7-m/nofp/crt0.o
 .data          0x0000000000000000        0x0 d:/apps/stm32ide/stm32/stm32cubeide_1.7.0/stm32cubeide/plugins/com.st.stm32cube.ide.mcu.externaltools.gnu-tools-for-stm32.9-2020-q2-update.win32_2.0.0.202105311346/tools/bin/../lib/gcc/arm-none-eabi/9.3.1/../../../../arm-none-eabi/lib/thumb/v7-m/nofp/crt0.o
[...]
Memory Configuration

Name             Origin             Length             Attributes
RAM              0x0000000020000000 0x0000000000002800 xrw
FLASH            0x0000000008000000 0x0000000000008000 xr
*default*        0x0000000000000000 0xffffffffffffffff

Linker script and memory map

LOAD d:/apps/stm32ide/stm32/stm32cubeide_1.7.0/stm32cubeide/plugins/com.st.stm32cube.ide.mcu.externaltools.gnu-tools-for-stm32.9-2020-q2-update.win32_2.0.0.202105311346/tools/bin/../lib/gcc/arm-none-eabi/9.3.1/thumb/v7-m/nofp/crti.o
LOAD d:/apps/stm32ide/stm32/stm32cubeide_1.7.0/stm32cubeide/plugins/com.st.stm32cube.ide.mcu.externaltools.gnu-tools-for-stm32.9-2020-q2-update.win32_2.0.0.202105311346/tools/bin/../lib/gcc/arm-none-eabi/9.3.1/thumb/v7-m/nofp/crtbegin.o
LOAD d:/apps/stm32ide/stm32/stm32cubeide_1.7.0/stm32cubeide/plugins/com.st.stm32cube.ide.mcu.externaltools.gnu-tools-for-stm32.9-2020-q2-update.win32_2.0.0.202105311346/tools/bin/../lib/gcc/arm-none-eabi/9.3.1/../../../../arm-none-eabi/lib/thumb/v7-m/nofp/crt0.o
LOAD ./Core/Src/fsm_modify.o
LOAD ./Core/Src/fsm_processing.o
LOAD ./Core/Src/global.o
LOAD ./Core/Src/input_reading.o
LOAD ./Core/Src/led_display.o
LOAD ./Core/Src/main.o
LOAD ./Core/Src/segment_display.o
LOAD ./Core/Src/stm32f1xx_hal_msp.o
LOAD ./Core/Src/stm32f1xx_it.o
LOAD ./Core/Src/syscalls.o
LOAD ./Core/Src/sysmem.o
LOAD ./Core/Src/system_stm32f1xx.o
LOAD ./Core/Src/timer.o
LOAD ./Core/Startup/startup_stm32f103c6ux.o
LOAD ./Drivers/STM32F1xx_HAL_Driver/Src/stm32f1xx_hal.o
LOAD ./Drivers/STM32F1xx_HAL_Driver/Src/stm32f1xx_hal_cortex.o
LOAD ./Drivers/STM32F1xx_HAL_Driver/Src/stm32f1xx_hal_dma.o
LOAD ./Drivers/STM32F1xx_HAL_Driver/Src/stm32f1xx_hal_exti.o
LOAD ./Drivers/STM32F1xx_HAL_Driver/Src/stm32f1xx_hal_flash.o
LOAD ./Drivers/STM32F1xx_HAL_Driver/Src/stm32f1xx_hal_flash_ex.o
LOAD ./Drivers/STM32F1xx_HAL_Driver/Src/stm32f1xx_hal_gpio.o
LOAD ./Drivers/STM32F1xx_HAL_Driver/Src/stm32f1xx_hal_gpio_ex.o
LOAD ./Drivers/STM32F1xx_HAL_Driver/Src/stm32f1xx_hal_pwr.o
LOAD ./Drivers/STM32F1xx_HAL_Driver/Src/stm32f1xx_hal_rcc.o
LOAD ./Drivers/STM32F1xx_HAL_Driver/Src/stm32f1xx_hal_rcc_ex.o
LOAD ./Drivers/STM32F1xx_HAL_Driver/Src/stm32f1xx_hal_tim.o
LOAD ./Drivers/STM32F1xx_HAL_Driver/Src/stm32f1xx_hal_tim_ex.o
START GROUP
LOAD d:/apps/stm32ide/stm32/stm32cubeide_1.7.0/stm32cubeide/plugins/com.st.stm32cube.ide.mcu.externaltools.gnu-tools-for-stm32.9-2020-q2-update.win32_2.0.0.202105311346/tools/bin/../lib/gcc/arm-none-eabi/9.3.1/../../../../arm-none-eabi/lib/thumb/v7-m/nofp\libc_nano.a
LOAD d:/apps/stm32ide/stm32/stm32cubeide_1.7.0/stm32cubeide/plugins/com.st.stm32cube.ide.mcu.externaltools.gnu-tools-for-stm32.9-2020-q2-update.win32_2.0.0.202105311346/tools/bin/../lib/gcc/arm-none-eabi/9.3.1/../../../../arm-none-eabi/lib/thumb/v7-m/nofp\libm.a
END GROUP
START GROUP
LOAD d:/apps/stm32ide/stm32/stm32cubeide_1.7.0/stm32cubeide/plugins/com.st.stm32cube.ide.mcu.externaltools.gnu-tools-for-stm32.9-2020-q2-update.win32_2.0.0.202105311346/tools/bin/../lib/gcc/arm-none-eabi/9.3.1/thumb/v7-m/nofp\libgcc.a
LOAD d:/apps/stm32ide/stm32/stm32cubeide_1.7.0/stm32cubeide/plugins/com.st.stm32cube.ide.mcu.externaltools.gnu-tools-for-stm32.9-2020-q2-update.win32_2.0.0.202105311346/tools/bin/../lib/gcc/arm-none-eabi/9.3.1/../../../../arm-none-eabi/lib/thumb/v7-m/nofp\libc_nano.a
END GROUP
START GROUP
LOAD d:/apps/stm32ide/stm32/stm32cubeide_1.7.0/stm32cubeide/plugins/com.st.stm32cube.ide.mcu.externaltools.gnu-tools-for-stm32.9-2020-q2-update.win32_2.0.0.202105311346/tools/bin/../lib/gcc/arm-none-eabi/9.3.1/thumb/v7-m/nofp\libgcc.a
LOAD d:/apps/stm32ide/stm32/stm32cubeide_1.7.0/stm32cubeide/plugins/com.st.stm32cube.ide.mcu.externaltools.gnu-tools-for-stm32.9-2020-q2-update.win32_2.0.0.202105311346/tools/bin/../lib/gcc/arm-none-eabi/9.3.1/../../../../arm-none-eabi/lib/thumb/v7-m/nofp\libc_nano.a
LOAD d:/apps/stm32ide/stm32/stm32cubeide_1.7.0/stm32cubeide/plugins/com.st.stm32cube.ide.mcu.externaltools.gnu-tools-for-stm32.9-2020-q2-update.win32_2.0.0.202105311346/tools/bin/../lib/gcc/arm-none-eabi/9.3.1/../../../../arm-none-eabi/lib/thumb/v7-m/nofp\libnosys.a
END GROUP
START GROUP
LOAD d:/apps/stm32ide/stm32/stm32cubeide_1.7.0/stm32cubeide/plugins/com.st.stm32cube.ide.mcu.externaltools.gnu-tools-for-stm32.9-2020-q2-update.win32_2.0.0.202105311346/tools/bin/../lib/gcc/arm-none-eabi/9.3.1/thumb/v7-m/nofp\libgcc.a
LOAD d:/apps/stm32ide/stm32/stm32cubeide_1.7.0/stm32cubeide/plugins/com.st.stm32cube.ide.mcu.externaltools.gnu-tools-for-stm32.9-2020-q2-update.win32_2.0.0.202105311346/tools/bin/../lib/gcc/arm-none-eabi/9.3.1/../../../../arm-none-eabi/lib/thumb/v7-m/nofp\libc_nano.a
LOAD d:/apps/stm32ide/stm32/stm32cubeide_1.7.0/stm32cubeide/plugins/com.st.stm32cube.ide.mcu.externaltools.gnu-tools-for-stm32.9-2020-q2-update.win32_2.0.0.202105311346/tools/bin/../lib/gcc/arm-none-eabi/9.3.1/../../../../arm-none-eabi/lib/thumb/v7-m/nofp\libnosys.a
END GROUP
LOAD d:/apps/stm32ide/stm32/stm32cubeide_1.7.0/stm32cubeide/plugins/com.st.stm32cube.ide.mcu.externaltools.gnu-tools-for-stm32.9-2020-q2-update.win32_2.0.0.202105311346/tools/bin/../lib/gcc/arm-none-eabi/9.3.1/thumb/v7-m/nofp/crtend.o
LOAD d:/apps/stm32ide/stm32/stm32cubeide_1.7.0/stm32cubeide/plugins/com.st.stm32cube.ide.mcu.externaltools.gnu-tools-for-stm32.9-2020-q2-update.win32_2.0.0.202105311346/tools/bin/../lib/gcc/arm-none-eabi/9.3.1/thumb/v7-m/nofp/crtn.o
                0x0000000020002800                _estack = (ORIGIN (RAM) + LENGTH (RAM))
                0x0000000000000200                _Min_Heap_Size = 0x200
                0x0000000000000400                _Min_Stack_Size = 0x400

.isr_vector     0x0000000008000000      0x10c
                0x0000000008000000                . = ALIGN (0x4)
 *(.isr_vector)
 .isr_vector    0x0000000008000000      0x10c ./Core/Startup/startup_stm32f103c6ux.o
                0x0000000008000000                g_pfnVectors
                0x000000000800010c                . = ALIGN (0x4)

.text           0x000000000800010c     0x3514
                0x000000000800010c                . = ALIGN (0x4)
 *(.text)
 .text          0x000000000800010c       0x40 d:/apps/stm32ide/stm32/stm32cubeide_1.7.0/stm32cubeide/plugins/com.st.stm32cube.ide.mcu.externaltools.gnu-tools-for-stm32.9-2020-q2-update.win32_2.0.0.202105311346/tools/bin/../lib/gcc/arm-none-eabi/9.3.1/thumb/v7-m/nofp/crtbegin.o
 *(.text*)
 .text.toggleLEDs
                0x000000000800014c       0x74 ./Core/Src/fsm_modify.o
                0x000000000800014c                toggleLEDs
 .text.fsm_modify
                0x00000000080001c0      0x4bc ./Core/Src/fsm_modify.o
                0x00000000080001c0                fsm_modify
 .text.handleButtonPress
                0x000000000800067c       0x84 ./Core/Src/fsm_processing.o
                0x000000000800067c                handleButtonPress
 .text.runFsm1  0x0000000008000700      0x2d8 ./Core/Src/fsm_processing.o
                0x0000000008000700                runFsm1
 .text.runFsm2  0x00000000080009d8      0x2d8 ./Core/Src/fsm_processing.o
                0x00000000080009d8                runFsm2
 .text.systemINIT
                0x0000000008000cb0       0x78 ./Core/Src/global.o
                0x0000000008000cb0                systemINIT
 .text.setButton
                0x0000000008000d28       0x7c ./Core/Src/input_reading.o
                0x0000000008000d28                setButton
 .text.readButton
                0x0000000008000da4      0x11c ./Core/Src/input_reading.o
                0x0000000008000da4                readButton
 .text.Press_button
                0x0000000008000ec0       0x40 ./Core/Src/input_reading.o
                0x0000000008000ec0                Press_button
 .text.setRed1  0x0000000008000f00       0x2c ./Core/Src/led_display.o
                0x0000000008000f00                setRed1
 .text.setYellow1
                0x0000000008000f2c       0x2c ./Core/Src/led_display.o
                0x0000000008000f2c                setYellow1
 .text.setGreen1
                0x0000000008000f58       0x2c ./Core/Src/led_display.o
                0x0000000008000f58                setGreen1
 .text.setRed2  0x0000000008000f84       0x2c ./Core/Src/led_display.o
                0x0000000008000f84                setRed2
 .text.setYellow2
                0x0000000008000fb0       0x2c ./Core/Src/led_display.o
                0x0000000008000fb0                setYellow2
 .text.setGreen2
                0x0000000008000fdc       0x2c ./Core/Src/led_display.o
                0x0000000008000fdc                setGreen2
 .text.toggleRed1
                0x0000000008001008       0x14 ./Core/Src/led_display.o
                0x0000000008001008                toggleRed1
 .text.toggleYellow1
                0x000000000800101c       0x14 ./Core/Src/led_display.o
                0x000000000800101c                toggleYellow1
 .text.toggleGreen1
                0x0000000008001030       0x14 ./Core/Src/led_display.o
                0x0000000008001030                toggleGreen1
 .text.toggleRed2
                0x0000000008001044       0x14 ./Core/Src/led_display.o
                0x0000000008001044                toggleRed2
 .text.toggleYellow2
                0x0000000008001058       0x14 ./Core/Src/led_display.o
                0x0000000008001058                toggleYellow2
 .text.toggleGreen2
                0x000000000800106c       0x14 ./Core/Src/led_display.o
                0x000000000800106c                toggleGreen2
 .text.clearLed
                0x0000000008001080       0x48 ./Core/Src/led_display.o
                0x0000000008001080                clearLed
 .text.main     0x00000000080010c8       0x34 ./Core/Src/main.o
                0x00000000080010c8                main
 .text.SystemClock_Config
                0x00000000080010fc       0x76 ./Core/Src/main.o
                0x00000000080010fc                SystemClock_Config
 *fill*         0x0000000008001172        0x2 
 .text.MX_TIM2_Init
                0x0000000008001174       0x98 ./Core/Src/main.o
 .text.MX_GPIO_Init
                0x000000000800120c       0xc8 ./Core/Src/main.o
 .text.HAL_TIM_PeriodElapsedCallback
                0x00000000080012d4       0x18 ./Core/Src/main.o
                0x00000000080012d4                HAL_TIM_PeriodElapsedCallback
 .text.Error_Handler
                0x00000000080012ec        0xa ./Core/Src/main.o
                0x00000000080012ec                Error_Handler
 *fill*         0x00000000080012f6        0x2 
 .text.display7SEG1
                0x00000000080012f8      0x364 ./Core/Src/segment_display.o
                0x00000000080012f8                display7SEG1
 .text.display7SEG2
                0x000000000800165c      0x3ec ./Core/Src/segment_display.o
                0x000000000800165c                display7SEG2
 .text.update7SEG
                0x0000000008001a48      0x10c ./Core/Src/segment_display.o
                0x0000000008001a48                update7SEG
 .text.HAL_MspInit
                0x0000000008001b54       0x64 ./Core/Src/stm32f1xx_hal_msp.o
                0x0000000008001b54                HAL_MspInit
 .text.HAL_TIM_Base_MspInit
                0x0000000008001bb8       0x48 ./Core/Src/stm32f1xx_hal_msp.o
                0x0000000008001bb8                HAL_TIM_Base_MspInit
 .text.NMI_Handler
                0x0000000008001c00        0x6 ./Core/Src/stm32f1xx_it.o
                0x0000000008001c00                NMI_Handler
 .text.HardFault_Handler
                0x0000000008001c06        0x6 ./Core/Src/stm32f1xx_it.o
                0x0000000008001c06                HardFault_Handler
 .text.MemManage_Handler
                0x0000000008001c0c        0x6 ./Core/Src/stm32f1xx_it.o
                0x0000000008001c0c                MemManage_Handler
 .text.BusFault_Handler
                0x0000000008001c12        0x6 ./Core/Src/stm32f1xx_it.o
                0x0000000008001c12                BusFault_Handler
 .text.UsageFault_Handler
                0x0000000008001c18        0x6 ./Core/Src/stm32f1xx_it.o
                0x0000000008001c18                UsageFault_Handler
 .text.SVC_Handler
                0x0000000008001c1e        0xc ./Core/Src/stm32f1xx_it.o
                0x0000000008001c1e                SVC_Handler
 .text.DebugMon_Handler
                0x0000000008001c2a        0xc ./Core/Src/stm32f1xx_it.o
                0x0000000008001c2a                DebugMon_Handler
 .text.PendSV_Handler
                0x0000000008001c36        0xc ./Core/Src/stm32f1xx_it.o
                0x0000000008001c36                PendSV_Handler
 .text.SysTick_Handler
                0x0000000008001c42        0xc ./Core/Src/stm32f1xx_it.o
                0x0000000008001c42                SysTick_Handler
 *fill*         0x0000000008001c4e        0x2 
 .text.TIM2_IRQHandler
                0x0000000008001c50       0x14 ./Core/Src/stm32f1xx_it.o
                0x0000000008001c50                TIM2_IRQHandler
 .text.SystemInit
                0x0000000008001c64        0xc ./Core/Src/system_stm32f1xx.o
                0x0000000008001c64                SystemInit
 .text.setTimer0
                0x0000000008001c70       0x38 ./Core/Src/timer.o
                0x0000000008001c70                setTimer0
 .text.setTimer1
                0x0000000008001ca8       0x38 ./Core/Src/timer.o
                0x0000000008001ca8                setTimer1
 .text.setTimer2
                0x0000000008001ce0       0x38 ./Core/Src/timer.o
                0x0000000008001ce0                setTimer2
 .text.setTimer3
                0x0000000008001d18       0x38 ./Core/Src/timer.o
                0x0000000008001d18                setTimer3
 .text.setTimer4
                0x0000000008001d50       0x38 ./Core/Src/timer.o
                0x0000000008001d50                setTimer4
 .text.timerRun
                0x0000000008001d88       0xd4 ./Core/Src/timer.o
                0x0000000008001d88                timerRun
 .text.endTimer0
                0x0000000008001e5c       0x24 ./Core/Src/timer.o
                0x0000000008001e5c                endTimer0
 .text.endTimer1
                0x0000000008001e80       0x24 ./Core/Src/timer.o
                0x0000000008001e80                endTimer1
 .text.endTimer2
                0x0000000008001ea4       0x24 ./Core/Src/timer.o
                0x0000000008001ea4                endTimer2
 .text.endTimer3
                0x0000000008001ec8       0x24 ./Core/Src/timer.o
                0x0000000008001ec8                endTimer3
 .text.endTimer4
                0x0000000008001eec       0x24 ./Core/Src/timer.o
                0x0000000008001eec                endTimer4
 .text.clearTimer1
                0x0000000008001f10       0x20 ./Core/Src/timer.o
                0x0000000008001f10                clearTimer1
 .text.clearTimer2
                0x0000000008001f30       0x20 ./Core/Src/timer.o
                0x0000000008001f30                clearTimer2
 .text.clearTimer3
                0x0000000008001f50       0x20 ./Core/Src/timer.o
                0x0000000008001f50                clearTimer3
 .text.clearTimer4
                0x0000000008001f70       0x20 ./Core/Src/timer.o
                0x0000000008001f70                clearTimer4
 .text.Reset_Handler
                0x0000000008001f90       0x48 ./Core/Startup/startup_stm32f103c6ux.o
                0x0000000008001f90                Reset_Handler
 .text.Default_Handler
                0x0000000008001fd8        0x2 ./Core/Startup/startup_stm32f103c6ux.o
                0x0000000008001fd8                RTC_Alarm_IRQHandler
                0x0000000008001fd8                EXTI2_IRQHandler
                0x0000000008001fd8                TIM1_CC_IRQHandler
                0x0000000008001fd8                PVD_IRQHandler
                0x0000000008001fd8                EXTI3_IRQHandler
                0x0000000008001fd8                EXTI0_IRQHandler
                0x0000000008001fd8                ADC1_2_IRQHandler
                0x0000000008001fd8                SPI1_IRQHandler
                0x0000000008001fd8                TAMPER_IRQHandler
                0x0000000008001fd8                DMA1_Channel4_IRQHandler
                0x0000000008001fd8                RTC_IRQHandler
                0x0000000008001fd8                DMA1_Channel7_IRQHandler
                0x0000000008001fd8                CAN1_RX1_IRQHandler
                0x0000000008001fd8                I2C1_EV_IRQHandler
                0x0000000008001fd8                DMA1_Channel6_IRQHandler
                0x0000000008001fd8                TIM3_IRQHandler
                0x0000000008001fd8                RCC_IRQHandler
                0x0000000008001fd8                TIM1_TRG_COM_IRQHandler
                0x0000000008001fd8                DMA1_Channel1_IRQHandler
                0x0000000008001fd8                Default_Handler
                0x0000000008001fd8                EXTI15_10_IRQHandler
                0x0000000008001fd8                EXTI9_5_IRQHandler
                0x0000000008001fd8                DMA1_Channel5_IRQHandler
                0x0000000008001fd8                EXTI4_IRQHandler
                0x0000000008001fd8                USB_LP_CAN1_RX0_IRQHandler
                0x0000000008001fd8                USB_HP_CAN1_TX_IRQHandler
                0x0000000008001fd8                DMA1_Channel3_IRQHandler
                0x0000000008001fd8                TIM1_UP_IRQHandler
                0x0000000008001fd8                WWDG_IRQHandler
                0x0000000008001fd8                TIM1_BRK_IRQHandler
                0x0000000008001fd8                EXTI1_IRQHandler
                0x0000000008001fd8                USART2_IRQHandler
                0x0000000008001fd8                DMA1_Channel2_IRQHandler
                0x0000000008001fd8                CAN1_SCE_IRQHandler
                0x0000000008001fd8                FLASH_IRQHandler
                0x0000000008001fd8                USART1_IRQHandler
                0x0000000008001fd8                I2C1_ER_IRQHandler
                0x0000000008001fd8                USBWakeUp_IRQHandler
 *fill*         0x0000000008001fda        0x2 
 .text.HAL_Init
                0x0000000008001fdc       0x2c ./Drivers/STM32F1xx_HAL_Driver/Src/stm32f1xx_hal.o
                0x0000000008001fdc                HAL_Init
 .text.HAL_InitTick
                0x0000000008002008       0x60 ./Drivers/STM32F1xx_HAL_Driver/Src/stm32f1xx_hal.o
                0x0000000008002008                HAL_InitTick
 .text.HAL_IncTick
                0x0000000008002068       0x24 ./Drivers/STM32F1xx_HAL_Driver/Src/stm32f1xx_hal.o
                0x0000000008002068                HAL_IncTick
 .text.HAL_GetTick
                0x000000000800208c       0x14 ./Drivers/STM32F1xx_HAL_Driver/Src/stm32f1xx_hal.o
                0x000000000800208c                HAL_GetTick
 .text.__NVIC_SetPriorityGrouping
                0x00000000080020a0       0x48 ./Drivers/STM32F1xx_HAL_Driver/Src/stm32f1xx_hal_cortex.o
 .text.__NVIC_GetPriorityGrouping
                0x00000000080020e8       0x1c ./Drivers/STM32F1xx_HAL_Driver/Src/stm32f1xx_hal_cortex.o
 .text.__NVIC_EnableIRQ
                0x0000000008002104       0x38 ./Drivers/STM32F1xx_HAL_Driver/Src/stm32f1xx_hal_cortex.o
 .text.__NVIC_SetPriority
                0x000000000800213c       0x54 ./Drivers/STM32F1xx_HAL_Driver/Src/stm32f1xx_hal_cortex.o
 .text.NVIC_EncodePriority
                0x0000000008002190       0x64 ./Drivers/STM32F1xx_HAL_Driver/Src/stm32f1xx_hal_cortex.o
 .text.SysTick_Config
                0x00000000080021f4       0x44 ./Drivers/STM32F1xx_HAL_Driver/Src/stm32f1xx_hal_cortex.o
 .text.HAL_NVIC_SetPriorityGrouping
                0x0000000008002238       0x16 ./Drivers/STM32F1xx_HAL_Driver/Src/stm32f1xx_hal_cortex.o
                0x0000000008002238                HAL_NVIC_SetPriorityGrouping
 .text.HAL_NVIC_SetPriority
                0x000000000800224e       0x38 ./Drivers/STM32F1xx_HAL_Driver/Src/stm32f1xx_hal_cortex.o
                0x000000000800224e                HAL_NVIC_SetPriority
 .text.HAL_NVIC_EnableIRQ
                0x0000000008002286       0x1c ./Drivers/STM32F1xx_HAL_Driver/Src/stm32f1xx_hal_cortex.o
                0x0000000008002286                HAL_NVIC_EnableIRQ
 .text.HAL_SYSTICK_Config
                0x00000000080022a2       0x18 ./Drivers/STM32F1xx_HAL_Driver/Src/stm32f1xx_hal_cortex.o
                0x00000000080022a2                HAL_SYSTICK_Config
 *fill*         0x00000000080022ba        0x2 
 .text.HAL_GPIO_Init
                0x00000000080022bc      0x2f4 ./Drivers/STM32F1xx_HAL_Driver/Src/stm32f1xx_hal_gpio.o
                0x00000000080022bc                HAL_GPIO_Init
 .text.HAL_GPIO_ReadPin
                0x00000000080025b0       0x2e ./Drivers/STM32F1xx_HAL_Driver/Src/stm32f1xx_hal_gpio.o
                0x00000000080025b0                HAL_GPIO_ReadPin
 .text.HAL_GPIO_WritePin
                0x00000000080025de       0x30 ./Drivers/STM32F1xx_HAL_Driver/Src/stm32f1xx_hal_gpio.o
                0x00000000080025de                HAL_GPIO_WritePin
 .text.HAL_GPIO_TogglePin
                0x000000000800260e       0x32 ./Drivers/STM32F1xx_HAL_Driver/Src/stm32f1xx_hal_gpio.o
                0x000000000800260e                HAL_GPIO_TogglePin
 .text.HAL_RCC_OscConfig
                0x0000000008002640      0x500 ./Drivers/STM32F1xx_HAL_Driver/Src/stm32f1xx_hal_rcc.o
                0x0000000008002640                HAL_RCC_OscConfig
 .text.HAL_RCC_ClockConfig
                0x0000000008002b40      0x1d4 ./Drivers/STM32F1xx_HAL_Driver/Src/stm32f1xx_hal_rcc.o
                0x0000000008002b40                HAL_RCC_ClockConfig
 .text.HAL_RCC_GetSysClockFreq
                0x0000000008002d14       0xa8 ./Drivers/STM32F1xx_HAL_Driver/Src/stm32f1xx_hal_rcc.o
                0x0000000008002d14                HAL_RCC_GetSysClockFreq
 .text.RCC_Delay
                0x0000000008002dbc       0x3c ./Drivers/STM32F1xx_HAL_Driver/Src/stm32f1xx_hal_rcc.o
 .text.HAL_TIM_Base_Init
                0x0000000008002df8       0x9e ./Drivers/STM32F1xx_HAL_Driver/Src/stm32f1xx_hal_tim.o
                0x0000000008002df8                HAL_TIM_Base_Init
 *fill*         0x0000000008002e96        0x2 
 .text.HAL_TIM_Base_Start_IT
                0x0000000008002e98       0x98 ./Drivers/STM32F1xx_HAL_Driver/Src/stm32f1xx_hal_tim.o
                0x0000000008002e98                HAL_TIM_Base_Start_IT
 .text.HAL_TIM_IRQHandler
                0x0000000008002f30      0x1e0 ./Drivers/STM32F1xx_HAL_Driver/Src/stm32f1xx_hal_tim.o
                0x0000000008002f30                HAL_TIM_IRQHandler
 .text.HAL_TIM_ConfigClockSource
                0x0000000008003110      0x18e ./Drivers/STM32F1xx_HAL_Driver/Src/stm32f1xx_hal_tim.o
                0x0000000008003110                HAL_TIM_ConfigClockSource
 .text.HAL_TIM_OC_DelayElapsedCallback
                0x000000000800329e       0x12 ./Drivers/STM32F1xx_HAL_Driver/Src/stm32f1xx_hal_tim.o
                0x000000000800329e                HAL_TIM_OC_DelayElapsedCallback
 .text.HAL_TIM_IC_CaptureCallback
                0x00000000080032b0       0x12 ./Drivers/STM32F1xx_HAL_Driver/Src/stm32f1xx_hal_tim.o
                0x00000000080032b0                HAL_TIM_IC_CaptureCallback
 .text.HAL_TIM_PWM_PulseFinishedCallback
                0x00000000080032c2       0x12 ./Drivers/STM32F1xx_HAL_Driver/Src/stm32f1xx_hal_tim.o
                0x00000000080032c2                HAL_TIM_PWM_PulseFinishedCallback
 .text.HAL_TIM_TriggerCallback
                0x00000000080032d4       0x12 ./Drivers/STM32F1xx_HAL_Driver/Src/stm32f1xx_hal_tim.o
                0x00000000080032d4                HAL_TIM_TriggerCallback
 *fill*         0x00000000080032e6        0x2 
 .text.TIM_Base_SetConfig
                0x00000000080032e8       0xc8 ./Drivers/STM32F1xx_HAL_Driver/Src/stm32f1xx_hal_tim.o
                0x00000000080032e8                TIM_Base_SetConfig
 .text.TIM_TI1_ConfigInputStage
                0x00000000080033b0       0x5c ./Drivers/STM32F1xx_HAL_Driver/Src/stm32f1xx_hal_tim.o
 .text.TIM_TI2_ConfigInputStage
                0x000000000800340c       0x5e ./Drivers/STM32F1xx_HAL_Driver/Src/stm32f1xx_hal_tim.o
 .text.TIM_ITRx_SetConfig
                0x000000000800346a       0x34 ./Drivers/STM32F1xx_HAL_Driver/Src/stm32f1xx_hal_tim.o
 .text.TIM_ETR_SetConfig
                0x000000000800349e       0x3e ./Drivers/STM32F1xx_HAL_Driver/Src/stm32f1xx_hal_tim.o
                0x000000000800349e                TIM_ETR_SetConfig
 .text.HAL_TIMEx_MasterConfigSynchronization
                0x00000000080034dc       0xb0 ./Drivers/STM32F1xx_HAL_Driver/Src/stm32f1xx_hal_tim_ex.o
                0x00000000080034dc                HAL_TIMEx_MasterConfigSynchronization
 .text.HAL_TIMEx_CommutCallback
                0x000000000800358c       0x12 ./Drivers/STM32F1xx_HAL_Driver/Src/stm32f1xx_hal_tim_ex.o
                0x000000000800358c                HAL_TIMEx_CommutCallback
 .text.HAL_TIMEx_BreakCallback
                0x000000000800359e       0x12 ./Drivers/STM32F1xx_HAL_Driver/Src/stm32f1xx_hal_tim_ex.o
                0x000000000800359e                HAL_TIMEx_BreakCallback
 .text.__libc_init_array
                0x00000000080035b0       0x48 d:/apps/stm32ide/stm32/stm32cubeide_1.7.0/stm32cubeide/plugins/com.st.stm32cube.ide.mcu.externaltools.gnu-tools-for-stm32.9-2020-q2-update.win32_2.0.0.202105311346/tools/bin/../lib/gcc/arm-none-eabi/9.3.1/../../../../arm-none-eabi/lib/thumb/v7-m/nofp\libc_nano.a(lib_a-init.o)
                0x00000000080035b0                __libc_init_array
 .text.memset   0x00000000080035f8       0x10 d:/apps/stm32ide/stm32/stm32cubeide_1.7.0/stm32cubeide/plugins/com.st.stm32cube.ide.mcu.externaltools.gnu-tools-for-stm32.9-2020-q2-update.win32_2.0.0.202105311346/tools/bin/../lib/gcc/arm-none-eabi/9.3.1/../../../../arm-none-eabi/lib/thumb/v7-m/nofp\libc_nano.a(lib_a-memset.o)
                0x00000000080035f8                memset
 *(.glue_7)
 .glue_7        0x0000000008003608        0x0 linker stubs
 *(.glue_7t)
 .glue_7t       0x0000000008003608        0x0 linker stubs
 *(.eh_frame)
 .eh_frame      0x0000000008003608        0x0 d:/apps/stm32ide/stm32/stm32cubeide_1.7.0/stm32cubeide/plugins/com.st.stm32cube.ide.mcu.externaltools.gnu-tools-for-stm32.9-2020-q2-update.win32_2.0.0.202105311346/tools/bin/../lib/gcc/arm-none-eabi/9.3.1/thumb/v7-m/nofp/crtbegin.o
 *(.init)
 .init          0x0000000008003608        0x4 d:/apps/stm32ide/stm32/stm32cubeide_1.7.0/stm32cubeide/plugins/com.st.stm32cube.ide.mcu.externaltools.gnu-tools-for-stm32.9-2020-q2-update.win32_2.0.0.202105311346/tools/bin/../lib/gcc/arm-none-eabi/9.3.1/thumb/v7-m/nofp/crti.o
                0x0000000008003608                _init
 .init          0x000000000800360c        0x8 d:/apps/stm32ide/stm32/stm32cubeide_1.7.0/stm32cubeide/plugins/com.st.stm32cube.ide.mcu.externaltools.gnu-tools-for-stm32.9-2020-q2-update.win32_2.0.0.202105311346/tools/bin/../lib/gcc/arm-none-eabi/9.3.1/thumb/v7-m/nofp/crtn.o
 *(.fini)
 .fini          0x0000000008003614        0x4 d:/apps/stm32ide/stm32/stm32cubeide_1.7.0/stm32cubeide/plugins/com.st.stm32cube.ide.mcu.externaltools.gnu-tools-for-stm32.9-2020-q2-update.win32_2.0.0.202105311346/tools/bin/../lib/gcc/arm-none-eabi/9.3.1/thumb/v7-m/nofp/crti.o
                0x0000000008003614                _fini
 .fini          0x0000000008003618        0x8 d:/apps/stm32ide/stm32/stm32cubeide_1.7.0/stm32cubeide/plugins/com.st.stm32cube.ide.mcu.externaltools.gnu-tools-for-stm32.9-2020-q2-update.win32_2.0.0.202105311346/tools/bin/../lib/gcc/arm-none-eabi/9.3.1/thumb/v7-m/nofp/crtn.o
                0x0000000008003620                . = ALIGN (0x4)
                0x0000000008003620                _etext = .

.vfp11_veneer   0x0000000008003620        0x0
 .vfp11_veneer  0x0000000008003620        0x0 linker stubs

.v4_bx          0x0000000008003620        0x0
 .v4_bx         0x0000000008003620        0x0 linker stubs

.iplt           0x0000000008003620        0x0
 .iplt          0x0000000008003620        0x0 d:/apps/stm32ide/stm32/stm32cubeide_1.7.0/stm32cubeide/plugins/com.st.stm32cube.ide.mcu.externaltools.gnu-tools-for-stm32.9-2020-q2-update.win32_2.0.0.202105311346/tools/bin/../lib/gcc/arm-none-eabi/9.3.1/thumb/v7-m/nofp/crtbegin.o

.rodata         0x0000000008003620       0x24
                0x0000000008003620                . = ALIGN (0x4)
 *(.rodata)
 *(.rodata*)
 .rodata.AHBPrescTable
                0x0000000008003620       0x10 ./Core/Src/system_stm32f1xx.o
                0x0000000008003620                AHBPrescTable
 .rodata.aPLLMULFactorTable.6032
                0x0000000008003630       0x10 ./Drivers/STM32F1xx_HAL_Driver/Src/stm32f1xx_hal_rcc.o
 .rodata.aPredivFactorTable.6033
                0x0000000008003640        0x2 ./Drivers/STM32F1xx_HAL_Driver/Src/stm32f1xx_hal_rcc.o
                0x0000000008003644                . = ALIGN (0x4)
 *fill*         0x0000000008003642        0x2 

.rel.dyn        0x0000000008003644        0x0
 .rel.iplt      0x0000000008003644        0x0 d:/apps/stm32ide/stm32/stm32cubeide_1.7.0/stm32cubeide/plugins/com.st.stm32cube.ide.mcu.externaltools.gnu-tools-for-stm32.9-2020-q2-update.win32_2.0.0.202105311346/tools/bin/../lib/gcc/arm-none-eabi/9.3.1/thumb/v7-m/nofp/crtbegin.o

.ARM.extab      0x0000000008003644        0x0
                0x0000000008003644                . = ALIGN (0x4)
 *(.ARM.extab* .gnu.linkonce.armextab.*)
                0x0000000008003644                . = ALIGN (0x4)

.ARM            0x0000000008003644        0x0
                0x0000000008003644                . = ALIGN (0x4)
                0x0000000008003644                __exidx_start = .
 *(.ARM.exidx*)
                0x0000000008003644                __exidx_end = .
                0x0000000008003644                . = ALIGN (0x4)

.preinit_array  0x0000000008003644        0x0
                0x0000000008003644                . = ALIGN (0x4)
                0x0000000008003644                PROVIDE (__preinit_array_start = .)
 *(.preinit_array*)
                0x0000000008003644                PROVIDE (__preinit_array_end = .)
                0x0000000008003644                . = ALIGN (0x4)

.init_array     0x0000000008003644        0x4
                0x0000000008003644                . = ALIGN (0x4)
                0x0000000008003644                PROVIDE (__init_array_start = .)
 *(SORT_BY_NAME(.init_array.*))
 *(.init_array*)
 .init_array    0x0000000008003644        0x4 d:/apps/stm32ide/stm32/stm32cubeide_1.7.0/stm32cubeide/plugins/com.st.stm32cube.ide.mcu.externaltools.gnu-tools-for-stm32.9-2020-q2-update.win32_2.0.0.202105311346/tools/bin/../lib/gcc/arm-none-eabi/9.3.1/thumb/v7-m/nofp/crtbegin.o
                0x0000000008003648                PROVIDE (__init_array_end = .)
                0x0000000008003648                . = ALIGN (0x4)

.fini_array     0x0000000008003648        0x4
                0x0000000008003648                . = ALIGN (0x4)
                [!provide]                        PROVIDE (__fini_array_start = .)
 *(SORT_BY_NAME(.fini_array.*))
 *(.fini_array*)
 .fini_array    0x0000000008003648        0x4 d:/apps/stm32ide/stm32/stm32cubeide_1.7.0/stm32cubeide/plugins/com.st.stm32cube.ide.mcu.externaltools.gnu-tools-for-stm32.9-2020-q2-update.win32_2.0.0.202105311346/tools/bin/../lib/gcc/arm-none-eabi/9.3.1/thumb/v7-m/nofp/crtbegin.o
                [!provide]                        PROVIDE (__fini_array_end = .)
                0x000000000800364c                . = ALIGN (0x4)
                0x000000000800364c                _sidata = LOADADDR (.data)

.data           0x0000000020000000       0x4c load address 0x000000000800364c
                0x0000000020000000                . = ALIGN (0x4)
                0x0000000020000000                _sdata = .
 *(.data)
 *(.data*)
 .data.status1  0x0000000020000000        0x4 ./Core/Src/global.o
                0x0000000020000000                status1
 .data.lastState1
                0x0000000020000004        0x4 ./Core/Src/global.o
                0x0000000020000004                lastState1
 .data.status2  0x0000000020000008        0x4 ./Core/Src/global.o
                0x0000000020000008                status2
 .data.lastState2
                0x000000002000000c        0x4 ./Core/Src/global.o
                0x000000002000000c                lastState2
 .data.status3  0x0000000020000010        0x4 ./Core/Src/global.o
                0x0000000020000010                status3
 .data.red1_duration
                0x0000000020000014        0x4 ./Core/Src/global.o
                0x0000000020000014                red1_duration
 .data.yellow1_duration
                0x0000000020000018        0x4 ./Core/Src/global.o
                0x0000000020000018                yellow1_duration
 .data.green1_duration
                0x000000002000001c        0x4 ./Core/Src/global.o
                0x000000002000001c                green1_duration
 .data.red2_duration
                0x0000000020000020        0x4 ./Core/Src/global.o
                0x0000000020000020                red2_duration
 .data.yellow2_duration
                0x0000000020000024        0x4 ./Core/Src/global.o
                0x0000000020000024                yellow2_duration
 .data.green2_duration
                0x0000000020000028        0x4 ./Core/Src/global.o
                0x0000000020000028                green2_duration
 .data.time_input
                0x000000002000002c        0x4 ./Core/Src/global.o
                0x000000002000002c                time_input
 .data.mode     0x0000000020000030        0x4 ./Core/Src/global.o
                0x0000000020000030                mode
 .data.Max_press
                0x0000000020000034        0x4 ./Core/Src/input_reading.o
                0x0000000020000034                Max_press
 .data.BUTTON_PIN
                0x0000000020000038        0x6 ./Core/Src/input_reading.o
                0x0000000020000038                BUTTON_PIN
 *fill*         0x000000002000003e        0x2 
 .data.SystemCoreClock
                0x0000000020000040        0x4 ./Core/Src/system_stm32f1xx.o
                0x0000000020000040                SystemCoreClock
 .data.uwTickPrio
                0x0000000020000044        0x4 ./Drivers/STM32F1xx_HAL_Driver/Src/stm32f1xx_hal.o
                0x0000000020000044                uwTickPrio
 .data.uwTickFreq
                0x0000000020000048        0x1 ./Drivers/STM32F1xx_HAL_Driver/Src/stm32f1xx_hal.o
                0x0000000020000048                uwTickFreq
 *(.RamFunc)
 *(.RamFunc*)
                0x000000002000004c                . = ALIGN (0x4)
 *fill*         0x0000000020000049        0x3 
                0x000000002000004c                _edata = .

.igot.plt       0x000000002000004c        0x0 load address 0x0000000008003698
 .igot.plt      0x000000002000004c        0x0 d:/apps/stm32ide/stm32/stm32cubeide_1.7.0/stm32cubeide/plugins/com.st.stm32cube.ide.mcu.externaltools.gnu-tools-for-stm32.9-2020-q2-update.win32_2.0.0.202105311346/tools/bin/../lib/gcc/arm-none-eabi/9.3.1/thumb/v7-m/nofp/crtbegin.o
                0x000000002000004c                . = ALIGN (0x4)

.bss            0x000000002000004c       0xd4 load address 0x0000000008003698
                0x000000002000004c                _sbss = .
                0x000000002000004c                __bss_start__ = _sbss
 *(.bss)
 .bss           0x000000002000004c       0x1c d:/apps/stm32ide/stm32/stm32cubeide_1.7.0/stm32cubeide/plugins/com.st.stm32cube.ide.mcu.externaltools.gnu-tools-for-stm32.9-2020-q2-update.win32_2.0.0.202105311346/tools/bin/../lib/gcc/arm-none-eabi/9.3.1/thumb/v7-m/nofp/crtbegin.o
 *(.bss*)
 .bss.countdown1
                0x0000000020000068        0x4 ./Core/Src/global.o
                0x0000000020000068                countdown1
 .bss.countdown2
                0x000000002000006c        0x4 ./Core/Src/global.o
                0x000000002000006c                countdown2
 .bss.return_flag1
                0x0000000020000070        0x4 ./Core/Src/global.o
                0x0000000020000070                return_flag1
 .bss.return_flag2
                0x0000000020000074        0x4 ./Core/Src/global.o
                0x0000000020000074                return_flag2
 .bss.debounceButtonBuffer1
                0x0000000020000078        0x3 ./Core/Src/input_reading.o
 *fill*         0x000000002000007b        0x1 
 .bss.debounceButtonBuffer2
                0x000000002000007c        0x3 ./Core/Src/input_reading.o
 *fill*         0x000000002000007f        0x1 
 .bss.debounceButtonBuffer3
                0x0000000020000080        0x3 ./Core/Src/input_reading.o
 *fill*         0x0000000020000083        0x1 
 .bss.debounceButtonBuffer4
                0x0000000020000084        0x3 ./Core/Src/input_reading.o
 *fill*         0x0000000020000087        0x1 
 .bss.press1s_flag
                0x0000000020000088        0x3 ./Core/Src/input_reading.o
 *fill*         0x000000002000008b        0x1 
 .bss.press1s_counter
                0x000000002000008c        0x6 ./Core/Src/input_reading.o
 *fill*         0x0000000020000092        0x2 
 .bss.led_index
                0x0000000020000094        0x4 ./Core/Src/segment_display.o
                0x0000000020000094                led_index
 .bss.timer0_counter
                0x0000000020000098        0x4 ./Core/Src/timer.o
                0x0000000020000098                timer0_counter
 .bss.timer1_counter
                0x000000002000009c        0x4 ./Core/Src/timer.o
                0x000000002000009c                timer1_counter
 .bss.timer2_counter
                0x00000000200000a0        0x4 ./Core/Src/timer.o
                0x00000000200000a0                timer2_counter
 .bss.timer3_counter
                0x00000000200000a4        0x4 ./Core/Src/timer.o
                0x00000000200000a4                timer3_counter
 .bss.timer4_counter
                0x00000000200000a8        0x4 ./Core/Src/timer.o
                0x00000000200000a8                timer4_counter
 .bss.timer0_flag
                0x00000000200000ac        0x4 ./Core/Src/timer.o
                0x00000000200000ac                timer0_flag
 .bss.timer1_flag
                0x00000000200000b0        0x4 ./Core/Src/timer.o
                0x00000000200000b0                timer1_flag
 .bss.timer2_flag
                0x00000000200000b4        0x4 ./Core/Src/timer.o
                0x00000000200000b4                timer2_flag
 .bss.timer3_flag
                0x00000000200000b8        0x4 ./Core/Src/timer.o
                0x00000000200000b8                timer3_flag
 .bss.timer4_flag
                0x00000000200000bc        0x4 ./Core/Src/timer.o
                0x00000000200000bc                timer4_flag
 *(COMMON)
 COMMON         0x00000000200000c0        0xc ./Core/Src/input_reading.o
                0x00000000200000c0                button_flag
 COMMON         0x00000000200000cc       0x48 ./Core/Src/main.o
                0x00000000200000cc                htim2
 COMMON         0x0000000020000114        0x8 ./Core/Src/segment_display.o
                0x0000000020000114                led1
                0x0000000020000118                led2
 COMMON         0x000000002000011c        0x4 ./Drivers/STM32F1xx_HAL_Driver/Src/stm32f1xx_hal.o
                0x000000002000011c                uwTick
                0x0000000020000120                . = ALIGN (0x4)
                0x0000000020000120                _ebss = .
                0x0000000020000120                __bss_end__ = _ebss

._user_heap_stack
                0x0000000020000120      0x600 load address 0x0000000008003698
                0x0000000020000120                . = ALIGN (0x8)
                [!provide]                        PROVIDE (end = .)
                0x0000000020000120                PROVIDE (_end = .)
                0x0000000020000320                . = (. + _Min_Heap_Size)
 *fill*         0x0000000020000120      0x200 
                0x0000000020000720                . = (. + _Min_Stack_Size)
 *fill*         0x0000000020000320      0x400 
                0x0000000020000720                . = ALIGN (0x8)

/DISCARD/
 libc.a(*)
 libm.a(*)
 libgcc.a(*)

.ARM.attributes
                0x0000000000000000       0x29
 *(.ARM.attributes)
 .ARM.attributes
                0x0000000000000000       0x1d d:/apps/stm32ide/stm32/stm32cubeide_1.7.0/stm32cubeide/plugins/com.st.stm32cube.ide.mcu.externaltools.gnu-tools-for-stm32.9-2020-q2-update.win32_2.0.0.202105311346/tools/bin/../lib/gcc/arm-none-eabi/9.3.1/thumb/v7-m/nofp/crti.o
 .ARM.attributes
                0x000000000000001d       0x2d d:/apps/stm32ide/stm32/stm32cubeide_1.7.0/stm32cubeide/plugins/com.st.stm32cube.ide.mcu.externaltools.gnu-tools-for-stm32.9-2020-q2-update.win32_2.0.0.202105311346/tools/bin/../lib/gcc/arm-none-eabi/9.3.1/thumb/v7-m/nofp/crtbegin.o
 .ARM.attributes
                0x000000000000004a       0x2d ./Core/Src/fsm_modify.o
 .ARM.attributes
                0x0000000000000077       0x2d ./Core/Src/fsm_processing.o
 .ARM.attributes
                0x00000000000000a4       0x2d ./Core/Src/global.o
 .ARM.attributes
                0x00000000000000d1       0x2d ./Core/Src/input_reading.o
 .ARM.attributes
                0x00000000000000fe       0x2d ./Core/Src/led_display.o
 .ARM.attributes
                0x000000000000012b       0x2d ./Core/Src/main.o
 .ARM.attributes
                0x0000000000000158       0x2d ./Core/Src/segment_display.o
 .ARM.attributes
                0x0000000000000185       0x2d ./Core/Src/stm32f1xx_hal_msp.o
 .ARM.attributes
                0x00000000000001b2       0x2d ./Core/Src/stm32f1xx_it.o
 .ARM.attributes
                0x00000000000001df       0x2d ./Core/Src/system_stm32f1xx.o
 .ARM.attributes
                0x000000000000020c       0x2d ./Core/Src/timer.o
 .ARM.attributes
                0x0000000000000239       0x21 ./Core/Startup/startup_stm32f103c6ux.o
 .ARM.attributes
                0x000000000000025a       0x2d ./Drivers/STM32F1xx_HAL_Driver/Src/stm32f1xx_hal.o
 .ARM.attributes
                0x0000000000000287       0x2d ./Drivers/STM32F1xx_HAL_Driver/Src/stm32f1xx_hal_cortex.o
 .ARM.attributes
                0x00000000000002b4       0x2d ./Drivers/STM32F1xx_HAL_Driver/Src/stm32f1xx_hal_gpio.o
 .ARM.attributes
                0x00000000000002e1       0x2d ./Drivers/STM32F1xx_HAL_Driver/Src/stm32f1xx_hal_rcc.o
 .ARM.attributes
                0x000000000000030e       0x2d ./Drivers/STM32F1xx_HAL_Driver/Src/stm32f1xx_hal_tim.o
 .ARM.attributes
                0x000000000000033b       0x2d ./Drivers/STM32F1xx_HAL_Driver/Src/stm32f1xx_hal_tim_ex.o
 .ARM.attributes
                0x0000000000000368       0x2d d:/apps/stm32ide/stm32/stm32cubeide_1.7.0/stm32cubeide/plugins/com.st.stm32cube.ide.mcu.externaltools.gnu-tools-for-stm32.9-2020-q2-update.win32_2.0.0.202105311346/tools/bin/../lib/gcc/arm-none-eabi/9.3.1/../../../../arm-none-eabi/lib/thumb/v7-m/nofp\libc_nano.a(lib_a-init.o)
 .ARM.attributes
                0x0000000000000395       0x2d d:/apps/stm32ide/stm32/stm32cubeide_1.7.0/stm32cubeide/plugins/com.st.stm32cube.ide.mcu.externaltools.gnu-tools-for-stm32.9-2020-q2-update.win32_2.0.0.202105311346/tools/bin/../lib/gcc/arm-none-eabi/9.3.1/../../../../arm-none-eabi/lib/thumb/v7-m/nofp\libc_nano.a(lib_a-memset.o)
 .ARM.attributes
                0x00000000000003c2       0x1d d:/apps/stm32ide/stm32/stm32cubeide_1.7.0/stm32cubeide/plugins/com.st.stm32cube.ide.mcu.externaltools.gnu-tools-for-stm32.9-2020-q2-update.win32_2.0.0.202105311346/tools/bin/../lib/gcc/arm-none-eabi/9.3.1/thumb/v7-m/nofp/crtn.o
OUTPUT(Lab3.elf elf32-littlearm)
LOAD linker stubs
LOAD d:/apps/stm32ide/stm32/stm32cubeide_1.7.0/stm32cubeide/plugins/com.st.stm32cube.ide.mcu.externaltools.gnu-tools-for-stm32.9-2020-q2-update.win32_2.0.0.202105311346/tools/bin/../lib/gcc/arm-none-eabi/9.3.1/../../../../arm-none-eabi/lib/thumb/v7-m/nofp\libc.a
LOAD d:/apps/stm32ide/stm32/stm32cubeide_1.7.0/stm32cubeide/plugins/com.st.stm32cube.ide.mcu.externaltools.gnu-tools-for-stm32.9-2020-q2-update.win32_2.0.0.202105311346/tools/bin/../lib/gcc/arm-none-eabi/9.3.1/../../../../arm-none-eabi/lib/thumb/v7-m/nofp\libm.a
LOAD d:/apps/stm32ide/stm32/stm32cubeide_1.7.0/stm32cubeide/plugins/com.st.stm32cube.ide.mcu.externaltools.gnu-tools-for-stm32.9-2020-q2-update.win32_2.0.0.202105311346/tools/bin/../lib/gcc/arm-none-eabi/9.3.1/thumb/v7-m/nofp\libgcc.a

.debug_info     0x0000000000000000     0x9dd9
 .debug_info    0x0000000000000000      0x29e ./Core/Src/fsm_modify.o
 .debug_info    0x000000000000029e      0x2a0 ./Core/Src/fsm_processing.o
 .debug_info    0x000000000000053e      0x415 ./Core/Src/global.o
 .debug_info    0x0000000000000953      0x3af ./Core/Src/input_reading.o
 .debug_info    0x0000000000000d02      0x401 ./Core/Src/led_display.o
 .debug_info    0x0000000000001103      0xc7e ./Core/Src/main.o
 .debug_info    0x0000000000001d81      0x39f ./Core/Src/segment_display.o
 .debug_info    0x0000000000002120      0xa09 ./Core/Src/stm32f1xx_hal_msp.o
 .debug_info    0x0000000000002b29      0x7b9 ./Core/Src/stm32f1xx_it.o
 .debug_info    0x00000000000032e2      0x2be ./Core/Src/system_stm32f1xx.o
 .debug_info    0x00000000000035a0      0x3c8 ./Core/Src/timer.o
 .debug_info    0x0000000000003968       0x22 ./Core/Startup/startup_stm32f103c6ux.o
 .debug_info    0x000000000000398a      0x74c ./Drivers/STM32F1xx_HAL_Driver/Src/stm32f1xx_hal.o
 .debug_info    0x00000000000040d6      0xbbe ./Drivers/STM32F1xx_HAL_Driver/Src/stm32f1xx_hal_cortex.o
 .debug_info    0x0000000000004c94      0x701 ./Drivers/STM32F1xx_HAL_Driver/Src/stm32f1xx_hal_gpio.o
 .debug_info    0x0000000000005395      0x893 ./Drivers/STM32F1xx_HAL_Driver/Src/stm32f1xx_hal_rcc.o
 .debug_info    0x0000000000005c28     0x2c32 ./Drivers/STM32F1xx_HAL_Driver/Src/stm32f1xx_hal_tim.o
 .debug_info    0x000000000000885a     0x157f ./Drivers/STM32F1xx_HAL_Driver/Src/stm32f1xx_hal_tim_ex.o

.debug_abbrev   0x0000000000000000     0x1cc7
 .debug_abbrev  0x0000000000000000       0xea ./Core/Src/fsm_modify.o
 .debug_abbrev  0x00000000000000ea       0xbf ./Core/Src/fsm_processing.o
 .debug_abbrev  0x00000000000001a9      0x124 ./Core/Src/global.o
 .debug_abbrev  0x00000000000002cd      0x17f ./Core/Src/input_reading.o
 .debug_abbrev  0x000000000000044c      0x108 ./Core/Src/led_display.o
 .debug_abbrev  0x0000000000000554      0x22c ./Core/Src/main.o
 .debug_abbrev  0x0000000000000780      0x171 ./Core/Src/segment_display.o
 .debug_abbrev  0x00000000000008f1      0x1b7 ./Core/Src/stm32f1xx_hal_msp.o
 .debug_abbrev  0x0000000000000aa8      0x176 ./Core/Src/stm32f1xx_it.o
 .debug_abbrev  0x0000000000000c1e      0x14e ./Core/Src/system_stm32f1xx.o
 .debug_abbrev  0x0000000000000d6c      0x12a ./Core/Src/timer.o
 .debug_abbrev  0x0000000000000e96       0x12 ./Core/Startup/startup_stm32f103c6ux.o
 .debug_abbrev  0x0000000000000ea8      0x1ed ./Drivers/STM32F1xx_HAL_Driver/Src/stm32f1xx_hal.o
 .debug_abbrev  0x0000000000001095      0x313 ./Drivers/STM32F1xx_HAL_Driver/Src/stm32f1xx_hal_cortex.o
 .debug_abbrev  0x00000000000013a8      0x1e8 ./Drivers/STM32F1xx_HAL_Driver/Src/stm32f1xx_hal_gpio.o
 .debug_abbrev  0x0000000000001590      0x273 ./Drivers/STM32F1xx_HAL_Driver/Src/stm32f1xx_hal_rcc.o
 .debug_abbrev  0x0000000000001803      0x25e ./Drivers/STM32F1xx_HAL_Driver/Src/stm32f1xx_hal_tim.o
 .debug_abbrev  0x0000000000001a61      0x266 ./Drivers/STM32F1xx_HAL_Driver/Src/stm32f1xx_hal_tim_ex.o

.debug_aranges  0x0000000000000000      0xb20
 .debug_aranges
                0x0000000000000000       0x28 ./Core/Src/fsm_modify.o
 .debug_aranges
                0x0000000000000028       0x30 ./Core/Src/fsm_processing.o
 .debug_aranges
                0x0000000000000058       0x20 ./Core/Src/global.o
 .debug_aranges
                0x0000000000000078       0x30 ./Core/Src/input_reading.o
 .debug_aranges
                0x00000000000000a8       0x80 ./Core/Src/led_display.o
 .debug_aranges
                0x0000000000000128       0x48 ./Core/Src/main.o
 .debug_aranges
                0x0000000000000170       0x30 ./Core/Src/segment_display.o
 .debug_aranges
                0x00000000000001a0       0x30 ./Core/Src/stm32f1xx_hal_msp.o
 .debug_aranges
                0x00000000000001d0       0x68 ./Core/Src/stm32f1xx_it.o
 .debug_aranges
                0x0000000000000238       0x28 ./Core/Src/system_stm32f1xx.o
 .debug_aranges
                0x0000000000000260       0x98 ./Core/Src/timer.o
 .debug_aranges
                0x00000000000002f8       0x28 ./Core/Startup/startup_stm32f103c6ux.o
 .debug_aranges
                0x0000000000000320       0xe0 ./Drivers/STM32F1xx_HAL_Driver/Src/stm32f1xx_hal.o
 .debug_aranges
                0x0000000000000400      0x100 ./Drivers/STM32F1xx_HAL_Driver/Src/stm32f1xx_hal_cortex.o
 .debug_aranges
                0x0000000000000500       0x58 ./Drivers/STM32F1xx_HAL_Driver/Src/stm32f1xx_hal_gpio.o
 .debug_aranges
                0x0000000000000558       0x90 ./Drivers/STM32F1xx_HAL_Driver/Src/stm32f1xx_hal_rcc.o
 .debug_aranges
                0x00000000000005e8      0x3d0 ./Drivers/STM32F1xx_HAL_Driver/Src/stm32f1xx_hal_tim.o
 .debug_aranges
                0x00000000000009b8      0x168 ./Drivers/STM32F1xx_HAL_Driver/Src/stm32f1xx_hal_tim_ex.o

.debug_ranges   0x0000000000000000      0xa08
 .debug_ranges  0x0000000000000000       0x18 ./Core/Src/fsm_modify.o
 .debug_ranges  0x0000000000000018       0x20 ./Core/Src/fsm_processing.o
 .debug_ranges  0x0000000000000038       0x10 ./Core/Src/global.o
 .debug_ranges  0x0000000000000048       0x20 ./Core/Src/input_reading.o
 .debug_ranges  0x0000000000000068       0x70 ./Core/Src/led_display.o
 .debug_ranges  0x00000000000000d8       0x38 ./Core/Src/main.o
 .debug_ranges  0x0000000000000110       0x20 ./Core/Src/segment_display.o
 .debug_ranges  0x0000000000000130       0x20 ./Core/Src/stm32f1xx_hal_msp.o
 .debug_ranges  0x0000000000000150       0x58 ./Core/Src/stm32f1xx_it.o
 .debug_ranges  0x00000000000001a8       0x18 ./Core/Src/system_stm32f1xx.o
 .debug_ranges  0x00000000000001c0       0x88 ./Core/Src/timer.o
 .debug_ranges  0x0000000000000248       0x20 ./Core/Startup/startup_stm32f103c6ux.o
 .debug_ranges  0x0000000000000268       0xd0 ./Drivers/STM32F1xx_HAL_Driver/Src/stm32f1xx_hal.o
 .debug_ranges  0x0000000000000338       0xf0 ./Drivers/STM32F1xx_HAL_Driver/Src/stm32f1xx_hal_cortex.o
 .debug_ranges  0x0000000000000428       0x48 ./Drivers/STM32F1xx_HAL_Driver/Src/stm32f1xx_hal_gpio.o
 .debug_ranges  0x0000000000000470       0x80 ./Drivers/STM32F1xx_HAL_Driver/Src/stm32f1xx_hal_rcc.o
 .debug_ranges  0x00000000000004f0      0x3c0 ./Drivers/STM32F1xx_HAL_Driver/Src/stm32f1xx_hal_tim.o
 .debug_ranges  0x00000000000008b0      0x158 ./Drivers/STM32F1xx_HAL_Driver/Src/stm32f1xx_hal_tim_ex.o

.debug_macro    0x0000000000000000    0x170f7
 .debug_macro   0x0000000000000000      0x1dc ./Core/Src/fsm_modify.o
 .debug_macro   0x00000000000001dc      0xa9c ./Core/Src/fsm_modify.o
 .debug_macro   0x0000000000000c78      0x215 ./Core/Src/fsm_modify.o
 .debug_macro   0x0000000000000e8d       0x2e ./Core/Src/fsm_modify.o
 .debug_macro   0x0000000000000ebb       0x22 ./Core/Src/fsm_modify.o
 .debug_macro   0x0000000000000edd       0x22 ./Core/Src/fsm_modify.o
 .debug_macro   0x0000000000000eff       0x8e ./Core/Src/fsm_modify.o
 .debug_macro   0x0000000000000f8d       0x51 ./Core/Src/fsm_modify.o
 .debug_macro   0x0000000000000fde      0x103 ./Core/Src/fsm_modify.o
 .debug_macro   0x00000000000010e1       0x6a ./Core/Src/fsm_modify.o
 .debug_macro   0x000000000000114b      0x1df ./Core/Src/fsm_modify.o
 .debug_macro   0x000000000000132a       0x1c ./Core/Src/fsm_modify.o
 .debug_macro   0x0000000000001346       0x22 ./Core/Src/fsm_modify.o
 .debug_macro   0x0000000000001368       0xc3 ./Core/Src/fsm_modify.o
 .debug_macro   0x000000000000142b      0xd23 ./Core/Src/fsm_modify.o
 .debug_macro   0x000000000000214e     0xde75 ./Core/Src/fsm_modify.o
 .debug_macro   0x000000000000ffc3       0x6d ./Core/Src/fsm_modify.o
 .debug_macro   0x0000000000010030     0x34a2 ./Core/Src/fsm_modify.o
 .debug_macro   0x00000000000134d2      0x174 ./Core/Src/fsm_modify.o
 .debug_macro   0x0000000000013646       0x5c ./Core/Src/fsm_modify.o
 .debug_macro   0x00000000000136a2      0x5bc ./Core/Src/fsm_modify.o
 .debug_macro   0x0000000000013c5e      0x1b7 ./Core/Src/fsm_modify.o
 .debug_macro   0x0000000000013e15      0x1cb ./Core/Src/fsm_modify.o
 .debug_macro   0x0000000000013fe0      0x114 ./Core/Src/fsm_modify.o
 .debug_macro   0x00000000000140f4      0x1b2 ./Core/Src/fsm_modify.o
 .debug_macro   0x00000000000142a6       0x27 ./Core/Src/fsm_modify.o
 .debug_macro   0x00000000000142cd      0x12f ./Core/Src/fsm_modify.o
 .debug_macro   0x00000000000143fc      0x1bc ./Core/Src/fsm_modify.o
 .debug_macro   0x00000000000145b8       0x34 ./Core/Src/fsm_modify.o
 .debug_macro   0x00000000000145ec       0x3c ./Core/Src/fsm_modify.o
 .debug_macro   0x0000000000014628       0x57 ./Core/Src/fsm_modify.o
 .debug_macro   0x000000000001467f       0x87 ./Core/Src/fsm_modify.o
 .debug_macro   0x0000000000014706      0x183 ./Core/Src/fsm_modify.o
 .debug_macro   0x0000000000014889      0x140 ./Core/Src/fsm_modify.o
 .debug_macro   0x00000000000149c9      0x8ed ./Core/Src/fsm_modify.o
 .debug_macro   0x00000000000152b6       0x69 ./Core/Src/fsm_modify.o
 .debug_macro   0x000000000001531f      0x130 ./Core/Src/fsm_modify.o
 .debug_macro   0x000000000001544f       0x40 ./Core/Src/fsm_modify.o
 .debug_macro   0x000000000001548f       0x46 ./Core/Src/fsm_modify.o
 .debug_macro   0x00000000000154d5      0x1dc ./Core/Src/fsm_processing.o
 .debug_macro   0x00000000000156b1      0x1c8 ./Core/Src/global.o
 .debug_macro   0x0000000000015879      0x1bb ./Core/Src/input_reading.o
 .debug_macro   0x0000000000015a34       0x3a ./Core/Src/input_reading.o
 .debug_macro   0x0000000000015a6e      0x1d2 ./Core/Src/led_display.o
 .debug_macro   0x0000000000015c40      0x1f7 ./Core/Src/main.o
 .debug_macro   0x0000000000015e37       0x10 ./Core/Src/main.o
 .debug_macro   0x0000000000015e47      0x1d8 ./Core/Src/segment_display.o
 .debug_macro   0x000000000001601f      0x1a6 ./Core/Src/stm32f1xx_hal_msp.o
 .debug_macro   0x00000000000161c5      0x1b0 ./Core/Src/stm32f1xx_it.o
 .debug_macro   0x0000000000016375      0x197 ./Core/Src/system_stm32f1xx.o
 .debug_macro   0x000000000001650c      0x1bf ./Core/Src/timer.o
 .debug_macro   0x00000000000166cb      0x1bb ./Drivers/STM32F1xx_HAL_Driver/Src/stm32f1xx_hal.o
 .debug_macro   0x0000000000016886      0x197 ./Drivers/STM32F1xx_HAL_Driver/Src/stm32f1xx_hal_cortex.o
 .debug_macro   0x0000000000016a1d      0x202 ./Drivers/STM32F1xx_HAL_Driver/Src/stm32f1xx_hal_gpio.o
 .debug_macro   0x0000000000016c1f      0x1a9 ./Drivers/STM32F1xx_HAL_Driver/Src/stm32f1xx_hal_rcc.o
 .debug_macro   0x0000000000016dc8      0x198 ./Drivers/STM32F1xx_HAL_Driver/Src/stm32f1xx_hal_tim.o
 .debug_macro   0x0000000000016f60      0x197 ./Drivers/STM32F1xx_HAL_Driver/Src/stm32f1xx_hal_tim_ex.o

.debug_line     0x0000000000000000     0xd390
 .debug_line    0x0000000000000000      0x964 ./Core/Src/fsm_modify.o
 .debug_line    0x0000000000000964      0x963 ./Core/Src/fsm_processing.o
 .debug_line    0x00000000000012c7      0x706 ./Core/Src/global.o
 .debug_line    0x00000000000019cd      0x83d ./Core/Src/input_reading.o
 .debug_line    0x000000000000220a      0x82e ./Core/Src/led_display.o
 .debug_line    0x0000000000002a38      0x874 ./Core/Src/main.o
 .debug_line    0x00000000000032ac      0x834 ./Core/Src/segment_display.o
 .debug_line    0x0000000000003ae0      0x714 ./Core/Src/stm32f1xx_hal_msp.o
 .debug_line    0x00000000000041f4      0x7b2 ./Core/Src/stm32f1xx_it.o
 .debug_line    0x00000000000049a6      0x756 ./Core/Src/system_stm32f1xx.o
 .debug_line    0x00000000000050fc      0x91e ./Core/Src/timer.o
 .debug_line    0x0000000000005a1a       0x86 ./Core/Startup/startup_stm32f103c6ux.o
 .debug_line    0x0000000000005aa0      0x983 ./Drivers/STM32F1xx_HAL_Driver/Src/stm32f1xx_hal.o
 .debug_line    0x0000000000006423      0xb6b ./Drivers/STM32F1xx_HAL_Driver/Src/stm32f1xx_hal_cortex.o
 .debug_line    0x0000000000006f8e      0xa06 ./Drivers/STM32F1xx_HAL_Driver/Src/stm32f1xx_hal_gpio.o
 .debug_line    0x0000000000007994      0xd8f ./Drivers/STM32F1xx_HAL_Driver/Src/stm32f1xx_hal_rcc.o
 .debug_line    0x0000000000008723     0x33d4 ./Drivers/STM32F1xx_HAL_Driver/Src/stm32f1xx_hal_tim.o
 .debug_line    0x000000000000baf7     0x1899 ./Drivers/STM32F1xx_HAL_Driver/Src/stm32f1xx_hal_tim_ex.o

.debug_str      0x0000000000000000    0x827a9
 .debug_str     0x0000000000000000    0x7fa89 ./Core/Src/fsm_modify.o
                                      0x7fdcb (size before relaxing)
 .debug_str     0x000000000007fa89       0x56 ./Core/Src/fsm_processing.o
                                      0x7fddf (size before relaxing)
 .debug_str     0x000000000007fadf       0x42 ./Core/Src/global.o
                                      0x7fdc6 (size before relaxing)
 .debug_str     0x000000000007fb21       0xfc ./Core/Src/input_reading.o
                                      0x7fd32 (size before relaxing)
 .debug_str     0x000000000007fc1d       0xa9 ./Core/Src/led_display.o
                                      0x7fe63 (size before relaxing)
 .debug_str     0x000000000007fcc6      0x706 ./Core/Src/main.o
                                      0x805b0 (size before relaxing)
 .debug_str     0x00000000000803cc       0x4d ./Core/Src/segment_display.o
                                      0x7fe1a (size before relaxing)
 .debug_str     0x0000000000080419      0x2ba ./Core/Src/stm32f1xx_hal_msp.o
                                      0x8033e (size before relaxing)
 .debug_str     0x00000000000806d3       0xcd ./Core/Src/stm32f1xx_it.o
                                      0x800a0 (size before relaxing)
 .debug_str     0x00000000000807a0       0x52 ./Core/Src/system_stm32f1xx.o
                                      0x7f771 (size before relaxing)
 .debug_str     0x00000000000807f2      0x14c ./Core/Src/timer.o
                                      0x7fd4c (size before relaxing)
 .debug_str     0x000000000008093e       0x36 ./Core/Startup/startup_stm32f103c6ux.o
                                         0x65 (size before relaxing)
 .debug_str     0x0000000000080974      0x304 ./Drivers/STM32F1xx_HAL_Driver/Src/stm32f1xx_hal.o
                                      0x7fdc8 (size before relaxing)
 .debug_str     0x0000000000080c78      0x300 ./Drivers/STM32F1xx_HAL_Driver/Src/stm32f1xx_hal_cortex.o
                                      0x7fdd0 (size before relaxing)
 .debug_str     0x0000000000080f78      0x316 ./Drivers/STM32F1xx_HAL_Driver/Src/stm32f1xx_hal_gpio.o
                                      0x7fb35 (size before relaxing)
 .debug_str     0x000000000008128e      0x24f ./Drivers/STM32F1xx_HAL_Driver/Src/stm32f1xx_hal_rcc.o
                                      0x7fb6e (size before relaxing)
 .debug_str     0x00000000000814dd      0xdde ./Drivers/STM32F1xx_HAL_Driver/Src/stm32f1xx_hal_tim.o
                                      0x80b57 (size before relaxing)
 .debug_str     0x00000000000822bb      0x4ee ./Drivers/STM32F1xx_HAL_Driver/Src/stm32f1xx_hal_tim_ex.o
                                      0x802f8 (size before relaxing)

.comment        0x0000000000000000       0x53
 .comment       0x0000000000000000       0x53 ./Core/Src/fsm_modify.o
                                         0x54 (size before relaxing)
 .comment       0x0000000000000053       0x54 ./Core/Src/fsm_processing.o
 .comment       0x0000000000000053       0x54 ./Core/Src/global.o
 .comment       0x0000000000000053       0x54 ./Core/Src/input_reading.o
 .comment       0x0000000000000053       0x54 ./Core/Src/led_display.o
 .comment       0x0000000000000053       0x54 ./Core/Src/main.o
 .comment       0x0000000000000053       0x54 ./Core/Src/segment_display.o
 .comment       0x0000000000000053       0x54 ./Core/Src/stm32f1xx_hal_msp.o
 .comment       0x0000000000000053       0x54 ./Core/Src/stm32f1xx_it.o
 .comment       0x0000000000000053       0x54 ./Core/Src/system_stm32f1xx.o
 .comment       0x0000000000000053       0x54 ./Core/Src/timer.o
 .comment       0x0000000000000053       0x54 ./Drivers/STM32F1xx_HAL_Driver/Src/stm32f1xx_hal.o
 .comment       0x0000000000000053       0x54 ./Drivers/STM32F1xx_HAL_Driver/Src/stm32f1xx_hal_cortex.o
 .comment       0x0000000000000053       0x54 ./Drivers/STM32F1xx_HAL_Driver/Src/stm32f1xx_hal_gpio.o
 .comment       0x0000000000000053       0x54 ./Drivers/STM32F1xx_HAL_Driver/Src/stm32f1xx_hal_rcc.o
 .comment       0x0000000000000053       0x54 ./Drivers/STM32F1xx_HAL_Driver/Src/stm32f1xx_hal_tim.o
 .comment       0x0000000000000053       0x54 ./Drivers/STM32F1xx_HAL_Driver/Src/stm32f1xx_hal_tim_ex.o

.debug_frame    0x0000000000000000     0x2b5c
 .debug_frame   0x0000000000000000       0x50 ./Core/Src/fsm_modify.o
 .debug_frame   0x0000000000000050       0x64 ./Core/Src/fsm_processing.o
 .debug_frame   0x00000000000000b4       0x2c ./Core/Src/global.o
 .debug_frame   0x00000000000000e0       0x88 ./Core/Src/input_reading.o
 .debug_frame   0x0000000000000168      0x17c ./Core/Src/led_display.o
 .debug_frame   0x00000000000002e4       0xd4 ./Core/Src/main.o
 .debug_frame   0x00000000000003b8       0x7c ./Core/Src/segment_display.o
 .debug_frame   0x0000000000000434       0x80 ./Core/Src/stm32f1xx_hal_msp.o
 .debug_frame   0x00000000000004b4      0x120 ./Core/Src/stm32f1xx_it.o
 .debug_frame   0x00000000000005d4       0x58 ./Core/Src/system_stm32f1xx.o
 .debug_frame   0x000000000000062c      0x238 ./Core/Src/timer.o
 .debug_frame   0x0000000000000864      0x334 ./Drivers/STM32F1xx_HAL_Driver/Src/stm32f1xx_hal.o
 .debug_frame   0x0000000000000b98      0x428 ./Drivers/STM32F1xx_HAL_Driver/Src/stm32f1xx_hal_cortex.o
 .debug_frame   0x0000000000000fc0      0x14c ./Drivers/STM32F1xx_HAL_Driver/Src/stm32f1xx_hal_gpio.o
 .debug_frame   0x000000000000110c      0x218 ./Drivers/STM32F1xx_HAL_Driver/Src/stm32f1xx_hal_rcc.o
 .debug_frame   0x0000000000001324     0x11b4 ./Drivers/STM32F1xx_HAL_Driver/Src/stm32f1xx_hal_tim.o
 .debug_frame   0x00000000000024d8      0x638 ./Drivers/STM32F1xx_HAL_Driver/Src/stm32f1xx_hal_tim_ex.o
 .debug_frame   0x0000000000002b10       0x2c d:/apps/stm32ide/stm32/stm32cubeide_1.7.0/stm32cubeide/plugins/com.st.stm32cube.ide.mcu.externaltools.gnu-tools-for-stm32.9-2020-q2-update.win32_2.0.0.202105311346/tools/bin/../lib/gcc/arm-none-eabi/9.3.1/../../../../arm-none-eabi/lib/thumb/v7-m/nofp\libc_nano.a(lib_a-init.o)
 .debug_frame   0x0000000000002b3c       0x20 d:/apps/stm32ide/stm32/stm32cubeide_1.7.0/stm32cubeide/plugins/com.st.stm32cube.ide.mcu.externaltools.gnu-tools-for-stm32.9-2020-q2-update.win32_2.0.0.202105311346/tools/bin/../lib/gcc/arm-none-eabi/9.3.1/../../../../arm-none-eabi/lib/thumb/v7-m/nofp\libc_nano.a(lib_a-memset.o)
